// Jest Snapshot v1, https://goo.gl/fbAQLP

exports[`matches a previous snapshot 1`] = `
<div
  class="sc-gzVnrw hRHTaE sc-EHOje hHLIWu"
>
  <section
    class="sc-bwzfXH kqLuzx"
  >
    <div
      class="sc-htpNat fUhquh"
    >
      <h5
        class="sc-bZQynM lkYeUM"
      >
        My Profile
      </h5>
      <div
        style="color:#D8E1E8;margin-bottom:10px"
      >
        Registered: 2010-09-24 02:10:42
      </div>
      <div
        style="color:#E1E8ED"
      >
        Birthday: 1983-07-14 07:29:45
      </div>
    </div>
    <div
      class="sc-htpNat jjnka"
      style="text-align:right"
    >
      <img
        class="sc-ifAKCX gZppUQ"
        src="https://randomuser.me/api/portraits/men/83.jpg"
        style="width:120px"
      >
        
      </img>
    </div>
  </section>
  <form>
    <section
      class="sc-bwzfXH irrVft"
    >
      <div
        class="sc-htpNat hrIxvT"
      >
        <span
          style="position:relative"
        >
          <label
            class="sc-dnqmqq ioIzAX"
          >
            Username
          </label>
          <input
            class="sc-htoDjs kBSAMN"
            name="username"
            placeholder="joesmith"
            tabindex="1"
            type="text"
            value=""
          >
            
          </input>
        </span>
      </div>
      <div
        class="sc-htpNat hrIxvT"
      >
        <span
          style="position:relative"
        >
          <label
            class="sc-dnqmqq ioIzAX"
          >
            Phone Number
          </label>
          <input
            class="sc-htoDjs kBSAMN"
            name="phone"
            placeholder="(321) 321-3214"
            tabindex="2"
            type="text"
            value=""
          >
            
          </input>
        </span>
      </div>
    </section>
    <section
      class="sc-bwzfXH irrVft"
    >
      <div
        class="sc-htpNat hrIxvT"
      >
        <span
          style="position:relative"
        >
          <label
            class="sc-dnqmqq ioIzAX"
          >
            Address
          </label>
          <input
            class="sc-htoDjs kBSAMN"
            name="address"
            placeholder="1234 Main St"
            tabindex="3"
            type="text"
            value=""
          >
            
          </input>
        </span>
      </div>
      <div
        class="sc-htpNat hrIxvT"
      >
        <span
          style="position:relative"
        >
          <label
            class="sc-dnqmqq ioIzAX"
          >
            City
          </label>
          <input
            class="sc-htoDjs kBSAMN"
            name="city"
            placeholder="San Diego"
            tabindex="4"
            type="text"
            value=""
          >
            
          </input>
        </span>
      </div>
    </section>
    <section
      class="sc-bwzfXH irrVft"
    >
      <div
        class="sc-htpNat hrIxvT"
      >
        <span
          style="position:relative"
        >
          <label
            class="sc-dnqmqq ioIzAX"
          >
            State
          </label>
          <input
            class="sc-htoDjs kBSAMN"
            name="state"
            placeholder="California"
            tabindex="5"
            type="text"
            value=""
          >
            
          </input>
        </span>
      </div>
      <div
        class="sc-htpNat hrIxvT"
      >
        <span
          style="position:relative"
        >
          <label
            class="sc-dnqmqq ioIzAX"
          >
            Zip Code
          </label>
          <input
            class="sc-htoDjs kBSAMN"
            name="zip"
            placeholder="92071"
            tabindex="6"
            type="text"
            value=""
          >
            
          </input>
        </span>
      </div>
    </section>
    <section
      class="sc-bwzfXH irrVft"
    >
      <div
        class="sc-htpNat bKOCBb"
        style="text-align:center"
      >
        <button
          class="pt-button pt-disabled pt-large pt-intent-primary"
          disabled=""
          type="submit"
        >
          <span
            class="pt-button-text"
          >
            Update Profile
          </span>
        </button>
      </div>
    </section>
  </form>
</div>
`;
